aaaaaaaaaaaaaaaaaab
aaaaaaaaaaaaaaaaaabb
-
-
-
-
aaaaaaaaaaaaaaaaaabc
abababababababababac
aaaaaaaaaaaaaaaaaaac
abc
abc
-
-
abc
yzz
-
-
-
-

-
ajhjzhozoossxiuzbvvr
bbbbbbbbbbbbbbbbbbbb


-
-
a
a
-
-
xxxxxxxxxxxxxxxxxxxx
xxxxxxxxxxxxxxxxxxxx
yyyyyyyyyyyyyyyyyyyy
mmmmmmmmmmmmmmmmmmmm
aaaaaaaaaaaaazzazzzz
bbbbbbbbbbbbbbbbbbbb
aaaaaaaaaaaaaaaaaaaa
aaaaaaaaaaaaaaaaaaaa
yyyyyyyyyyyyyyyyyyyy
yyyyyyyyyyyyyyyyyyyy
yyyyyyyyyyyyyyyyyyyy
yyyyyyyyyyyyyyyyyyyy
aaaaaaaaaaaaaaaaaaaa
aaaaaaaaaaaaaaaaaaaa
faogoiaowhheidosodof
-
selagenamefrrnameeqx
bigbigbigbigbigcatis
coolcatatcoolcathate
catatcatcanalwayseat
catatcatcanalwayseat
ataigakawaiikigamiru
artneyberg
ichijichan
